[INFO] Scanning for projects...
[INFO] 
[INFO] ------------------------< com.example:AegisIQ >-------------------------
[INFO] Building demo 0.0.1-SNAPSHOT
[INFO]   from pom.xml
[INFO] --------------------------------[ jar ]---------------------------------
[INFO] 
[INFO] --- clean:3.5.0:clean (default-clean) @ AegisIQ ---
[INFO] Deleting C:\Users\Thanusri\OneDrive\Desktop\TT PROJECT\AegisIQ\target
[INFO] 
[INFO] --- resources:3.3.1:resources (default-resources) @ AegisIQ ---
[INFO] Copying 1 resource from src\main\resources to target\classes
[INFO] Copying 0 resource from src\main\resources to target\classes
[INFO] 
[INFO] --- compiler:3.14.1:compile (default-compile) @ AegisIQ ---
[INFO] Recompiling the module because of changed source code.
[INFO] Compiling 35 source files with javac [debug parameters release 21] to target\classes
[INFO] -------------------------------------------------------------
[ERROR] COMPILATION ERROR : 
[INFO] -------------------------------------------------------------
[ERROR] /C:/Users/Thanusri/OneDrive/Desktop/TT PROJECT/AegisIQ/src/main/java/com/example/AegisIQ/service/EmailService.java:[9,32] cannot find symbol
  symbol:   class JavaMailSender
  location: package org.springframework.mail
[ERROR] /C:/Users/Thanusri/OneDrive/Desktop/TT PROJECT/AegisIQ/src/main/java/com/example/AegisIQ/service/EmailService.java:[18,13] cannot find symbol
  symbol:   class JavaMailSender
  location: class com.example.AegisIQ.service.EmailService
[INFO] 2 errors 
[INFO] -------------------------------------------------------------
[INFO] ------------------------------------------------------------------------
[INFO] BUILD FAILURE
[INFO] ------------------------------------------------------------------------
[INFO] Total time:  4.179 s
[INFO] Finished at: 2026-07-06T23:10:38+05:30
[INFO] ------------------------------------------------------------------------
[ERROR] Failed to execute goal org.apache.maven.plugins:maven-compiler-plugin:3.14.1:compile (default-compile) on project AegisIQ: Compilation failure: Compilation failure: 
[ERROR] /C:/Users/Thanusri/OneDrive/Desktop/TT PROJECT/AegisIQ/src/main/java/com/example/AegisIQ/service/EmailService.java:[9,32] cannot find symbol
[ERROR]   symbol:   class JavaMailSender
[ERROR]   location: package org.springframework.mail
[ERROR] /C:/Users/Thanusri/OneDrive/Desktop/TT PROJECT/AegisIQ/src/main/java/com/example/AegisIQ/service/EmailService.java:[18,13] cannot find symbol
[ERROR]   symbol:   class JavaMailSender
[ERROR]   location: class com.example.AegisIQ.service.EmailService
[ERROR] -> [Help 1]
[ERROR] 
[ERROR] To see the full stack trace of the errors, re-run Maven with the -e switch.
[ERROR] Re-run Maven using the -X switch to enable full debug logging.
[ERROR] 
[ERROR] For more information about the errors and possible solutions, please read the following articles:
[ERROR] [Help 1] http://cwiki.apache.org/confluence/display/MAVEN/MojoFailureException
